{
  "version": "2.0.0",
  "timestamp": "2026-05-27T05:46:45",
  "success": true,
  "input": "/workspace/output_videos/WordWorld_S1_Crop/25 dancing dog_cropped.mp4",
  "output": "/workspace/output_videos/WordWorld_S1_CE/25 dancing dog_cropped.mp4",
  "mode": "interpolate_then_upscale",
  "elapsed_seconds": 2827.55,
  "elapsed_human": "47分7.6秒",
  "input_size_mb": 199.77,
  "output_size_mb": 1585.98,
  "size_ratio": 7.939,
  "input_duration_s": 885.6,
  "output_duration_s": 885.54,
  "gpu_peak_memory_gb": 2.126,
  "env": {
    "python": "3.11.1",
    "torch": "2.10.0+cu128",
    "gpu_name": "Tesla T4",
    "gpu_memory_gb": 14.6,
    "ffmpeg": true
  },
  "params": {
    "mode": "interpolate_then_upscale",
    "interpolation_factor": 2,
    "upscale_factor": 2,
    "segment_duration": 300,
    "skip_interpolate": false,
    "skip_upscale": false,
    "batch_size_ifrnet": 64,
    "max_batch_size_ifrnet": 96,
    "no_fp16_ifrnet": false,
    "no_compile_ifrnet": false,
    "no_cuda_graph_ifrnet": false,
    "use_tensorrt_ifrnet": true,
    "no_tensorrt_ifrnet": false,
    "batch_size_esrgan": 32,
    "prefetch_factor_esrgan": 96,
    "no_fp16_esrgan": false,
    "no_compile_esrgan": false,
    "no_cuda_graph_esrgan": false,
    "use_tensorrt_esrgan": true,
    "no_tensorrt_esrgan": false,
    "tile_size": null,
    "tile_pad": null,
    "pre_pad": null,
    "denoise_strength": null,
    "face_enhance": null,
    "gfpgan_model": null,
    "gfpgan_weight": null,
    "gfpgan_batch_size": null,
    "face_det_threshold": null,
    "no_adaptive_batch_esrgan": false,
    "gfpgan_trt": false,
    "output_codec": null,
    "output_crf": null,
    "output_preset": null,
    "denoise": false,
    "denoise_model": "nafnet",
    "denoise_strength_pre": 0.5,
    "auto_cleanup": false,
    "keep_intermediate": false
  }
}