== S01E01._The_New_Stall.mp4 -> /tmp/eqq_uni_6s/bbc_s01e01 ==
   已有 0 点；tiers=['libx265', 'libvpx-vp9', 'libaom-av1', 'libsvtav1', 'librav1e', 'librav1e@10']
   prep 180 帧 md5=44c1e5233a67
   libx264           18 ->   2205.2 KiB  vmaf=96.491  (15.5s)
   libx264           21 ->   1460.7 KiB  vmaf=95.400  (8.0s)
   libx264           24 ->    959.4 KiB  vmaf=93.741  (6.8s)
   libx264           27 ->    631.5 KiB  vmaf=91.257  (4.4s)
   libx264           30 ->    417.8 KiB  vmaf=87.211  (4.8s)
   libx265           10 ->   6087.4 KiB  vmaf=97.995  (45.5s)
   libx265           13 ->   3955.2 KiB  vmaf=97.580  (41.1s)
   libx265           16 ->   2523.5 KiB  vmaf=96.939  (30.3s)
   libx265           19 ->   1612.3 KiB  vmaf=96.121  (26.4s)
   libx265           21 ->   1199.7 KiB  vmaf=95.399  (18.7s)
   libx265           24 ->    775.2 KiB  vmaf=93.985  (16.1s)
   libx265           27 ->    501.5 KiB  vmaf=91.885  (17.3s)
   libx265           30 ->    323.4 KiB  vmaf=88.687  (9.7s)
   libx265           34 ->    180.5 KiB  vmaf=81.754  (19.9s)
   libx265           38 ->    103.3 KiB  vmaf=71.353  (15.1s)
   -- libx265 完成，累计 15 点，用时 18.1 min
   [skip] libx264 18
   [skip] libx264 21
   [skip] libx264 24
   [skip] libx264 27
   [skip] libx264 30
   libvpx-vp9        10 ->   5130.4 KiB  vmaf=97.775  (73.3s)
   libvpx-vp9        13 ->   3803.6 KiB  vmaf=97.447  (70.5s)
   libvpx-vp9        16 ->   2955.5 KiB  vmaf=97.102  (59.4s)
   libvpx-vp9        20 ->   2285.3 KiB  vmaf=96.649  (58.6s)
   libvpx-vp9        23 ->   1921.1 KiB  vmaf=96.310  (67.2s)
   libvpx-vp9        26 ->   1503.1 KiB  vmaf=95.694  (60.3s)
   libvpx-vp9        30 ->   1096.9 KiB  vmaf=94.710  (51.8s)
   libvpx-vp9        34 ->    774.9 KiB  vmaf=93.303  (46.5s)
   libvpx-vp9        38 ->    541.4 KiB  vmaf=91.329  (45.6s)
   libvpx-vp9        44 ->    327.0 KiB  vmaf=87.346  (40.7s)
   -- libvpx-vp9 完成，累计 25 点，用时 37.1 min
   [skip] libx264 18
   [skip] libx264 21
   [skip] libx264 24
   [skip] libx264 27
   [skip] libx264 30
   libaom-av1        10 ->   2627.2 KiB  vmaf=97.511  (207.5s)
   libaom-av1        13 ->   1928.0 KiB  vmaf=97.135  (171.3s)
   libaom-av1        16 ->   1501.0 KiB  vmaf=96.781  (146.8s)
   libaom-av1        20 ->   1138.3 KiB  vmaf=96.255  (126.7s)
   libaom-av1        23 ->    977.2 KiB  vmaf=95.973  (121.8s)
   libaom-av1        26 ->    788.7 KiB  vmaf=95.504  (112.8s)
   libaom-av1        30 ->    609.7 KiB  vmaf=94.844  (102.4s)
   libaom-av1        34 ->    463.2 KiB  vmaf=93.910  (81.8s)
   libaom-av1        38 ->    358.5 KiB  vmaf=92.865  (71.9s)
   libaom-av1        44 ->    252.8 KiB  vmaf=91.134  (65.2s)
   -- libaom-av1 完成，累计 35 点，用时 66.5 min
   [skip] libx264 18
   [skip] libx264 21
   [skip] libx264 24
   [skip] libx264 27
   [skip] libx264 30
   libsvtav1         10 ->   3322.8 KiB  vmaf=97.373  (9.3s)
   libsvtav1         13 ->   2390.0 KiB  vmaf=96.944  (8.4s)
   libsvtav1         16 ->   1862.2 KiB  vmaf=96.617  (10.8s)
   libsvtav1         20 ->   1417.8 KiB  vmaf=96.191  (11.2s)
   libsvtav1         23 ->   1219.6 KiB  vmaf=95.926  (11.6s)
   libsvtav1         26 ->    992.1 KiB  vmaf=95.573  (11.1s)
   libsvtav1         30 ->    758.1 KiB  vmaf=95.029  (10.8s)
   libsvtav1         34 ->    579.8 KiB  vmaf=94.403  (11.1s)
   libsvtav1         38 ->    452.0 KiB  vmaf=93.791  (11.1s)
   libsvtav1         44 ->    327.0 KiB  vmaf=92.685  (11.6s)
   -- libsvtav1 完成，累计 45 点，用时 75.9 min
   [skip] libx264 18
   [skip] libx264 21
   [skip] libx264 24
   [skip] libx264 27
   [skip] libx264 30
   librav1e          10 ->   7526.6 KiB  vmaf=98.146  (650.7s)
   librav1e          30 ->   2508.0 KiB  vmaf=97.036  (429.1s)
   librav1e          50 ->   1367.7 KiB  vmaf=95.941  (350.3s)
   librav1e          70 ->    909.0 KiB  vmaf=94.800  (305.5s)
   librav1e          90 ->    659.2 KiB  vmaf=93.494  (273.9s)
   librav1e         110 ->    443.7 KiB  vmaf=91.328  (242.5s)
   librav1e         130 ->    282.3 KiB  vmaf=87.730  (221.2s)
   librav1e         155 ->    159.0 KiB  vmaf=80.369  (194.3s)
   librav1e         180 ->     86.8 KiB  vmaf=69.622  (179.5s)
   librav1e         210 ->     44.1 KiB  vmaf=52.160  (159.2s)
   -- librav1e 完成，累计 55 点，用时 132.9 min
   [skip] libx264 18
   [skip] libx264 21
   [skip] libx264 24
   [skip] libx264 27
   [skip] libx264 30
   librav1e@10       10 ->   9255.8 KiB  vmaf=98.161  (167.4s)
   librav1e@10       30 ->   3131.6 KiB  vmaf=97.085  (111.7s)
   librav1e@10       50 ->   1710.8 KiB  vmaf=95.951  (97.5s)
   librav1e@10       70 ->   1120.0 KiB  vmaf=94.772  (90.0s)
   librav1e@10       90 ->    823.6 KiB  vmaf=93.574  (92.6s)
   librav1e@10      110 ->    553.3 KiB  vmaf=91.273  (83.0s)
   librav1e@10      130 ->    349.4 KiB  vmaf=87.200  (91.2s)
   librav1e@10      155 ->    190.9 KiB  vmaf=79.422  (85.0s)
   librav1e@10      180 ->    102.9 KiB  vmaf=67.929  (66.2s)
   librav1e@10      210 ->     52.6 KiB  vmaf=50.091  (56.1s)
   -- librav1e@10 完成，累计 65 点，用时 154.9 min
== S01E01._The_New_Stall.mp4 完成：65 点，用时 154.9 min
