== S03E01._James_and_Alice.mp4 -> /tmp/eqq_uni_6s/bbc_s03e01 ==
   已有 0 点；tiers=['libx265', 'libvpx-vp9', 'libaom-av1', 'libsvtav1', 'librav1e', 'librav1e@10']
   prep 180 帧 md5=92b442497dad
   libx264           18 ->   2329.4 KiB  vmaf=96.123  (12.5s)
   libx264           21 ->   1516.9 KiB  vmaf=95.027  (9.7s)
   libx264           24 ->    981.0 KiB  vmaf=93.414  (9.5s)
   libx264           27 ->    632.3 KiB  vmaf=90.874  (6.5s)
   libx264           30 ->    411.7 KiB  vmaf=87.108  (6.0s)
   libx265           10 ->   6527.9 KiB  vmaf=97.906  (50.2s)
   libx265           13 ->   4267.4 KiB  vmaf=97.451  (43.6s)
   libx265           16 ->   2733.4 KiB  vmaf=96.754  (31.9s)
   libx265           19 ->   1739.0 KiB  vmaf=95.842  (23.2s)
   libx265           21 ->   1281.7 KiB  vmaf=95.089  (24.1s)
   libx265           24 ->    816.2 KiB  vmaf=93.606  (18.6s)
   libx265           27 ->    516.1 KiB  vmaf=91.439  (13.9s)
   libx265           30 ->    325.9 KiB  vmaf=88.195  (11.8s)
   libx265           34 ->    176.0 KiB  vmaf=81.253  (15.9s)
   libx265           38 ->    100.3 KiB  vmaf=70.333  (13.6s)
   -- libx265 完成，累计 15 点，用时 18.1 min
   [skip] libx264 18
   [skip] libx264 21
   [skip] libx264 24
   [skip] libx264 27
   [skip] libx264 30
   libvpx-vp9        10 ->   5531.2 KiB  vmaf=97.729  (80.0s)
   libvpx-vp9        13 ->   4124.7 KiB  vmaf=97.389  (67.5s)
   libvpx-vp9        16 ->   3214.1 KiB  vmaf=97.010  (67.0s)
   libvpx-vp9        20 ->   2487.7 KiB  vmaf=96.554  (61.6s)
   libvpx-vp9        23 ->   2090.9 KiB  vmaf=96.166  (68.5s)
   libvpx-vp9        26 ->   1631.3 KiB  vmaf=95.552  (54.6s)
   libvpx-vp9        30 ->   1179.2 KiB  vmaf=94.510  (55.9s)
   libvpx-vp9        34 ->    823.6 KiB  vmaf=93.051  (43.9s)
   libvpx-vp9        38 ->    564.0 KiB  vmaf=91.066  (49.5s)
   libvpx-vp9        44 ->    329.7 KiB  vmaf=87.089  (32.8s)
   -- libvpx-vp9 完成，累计 25 点，用时 37.4 min
   [skip] libx264 18
   [skip] libx264 21
   [skip] libx264 24
   [skip] libx264 27
   [skip] libx264 30
   libaom-av1        10 ->   2877.4 KiB  vmaf=97.439  (226.7s)
   libaom-av1        13 ->   2129.2 KiB  vmaf=97.033  (189.6s)
   libaom-av1        16 ->   1646.4 KiB  vmaf=96.635  (165.2s)
   libaom-av1        20 ->   1223.8 KiB  vmaf=96.054  (131.3s)
   libaom-av1        23 ->   1048.9 KiB  vmaf=95.738  (134.8s)
   libaom-av1        26 ->    836.0 KiB  vmaf=95.209  (125.2s)
   libaom-av1        30 ->    637.6 KiB  vmaf=94.482  (99.8s)
   libaom-av1        34 ->    474.9 KiB  vmaf=93.515  (91.3s)
   libaom-av1        38 ->    361.6 KiB  vmaf=92.411  (78.1s)
   libaom-av1        44 ->    247.6 KiB  vmaf=90.537  (46.9s)
   -- libaom-av1 完成，累计 35 点，用时 68.1 min
   [skip] libx264 18
   [skip] libx264 21
   [skip] libx264 24
   [skip] libx264 27
   [skip] libx264 30
   libsvtav1         10 ->   3691.6 KiB  vmaf=97.328  (13.8s)
   libsvtav1         13 ->   2656.7 KiB  vmaf=96.911  (12.0s)
   libsvtav1         16 ->   2057.2 KiB  vmaf=96.503  (12.0s)
   libsvtav1         20 ->   1559.5 KiB  vmaf=96.049  (11.5s)
   libsvtav1         23 ->   1323.4 KiB  vmaf=95.742  (9.9s)
   libsvtav1         26 ->   1067.5 KiB  vmaf=95.362  (10.2s)
   libsvtav1         30 ->    802.2 KiB  vmaf=94.757  (10.2s)
   libsvtav1         34 ->    598.6 KiB  vmaf=93.991  (9.9s)
   libsvtav1         38 ->    458.0 KiB  vmaf=93.249  (8.9s)
   libsvtav1         44 ->    330.2 KiB  vmaf=92.133  (9.9s)
   -- libsvtav1 完成，累计 45 点，用时 77.4 min
   [skip] libx264 18
   [skip] libx264 21
   [skip] libx264 24
   [skip] libx264 27
   [skip] libx264 30
   librav1e          10 ->   8281.9 KiB  vmaf=98.152  (667.8s)
   librav1e          30 ->   2779.6 KiB  vmaf=96.959  (451.4s)
   librav1e          50 ->   1492.7 KiB  vmaf=95.787  (359.6s)
   librav1e          70 ->    974.5 KiB  vmaf=94.589  (307.9s)
   librav1e          90 ->    695.1 KiB  vmaf=93.283  (279.8s)
   librav1e         110 ->    454.7 KiB  vmaf=90.987  (246.6s)
   librav1e         130 ->    279.2 KiB  vmaf=87.352  (221.3s)
   librav1e         155 ->    152.7 KiB  vmaf=80.122  (195.2s)
   librav1e         180 ->     83.0 KiB  vmaf=69.353  (176.4s)
   librav1e         210 ->     42.7 KiB  vmaf=51.717  (153.8s)
   -- librav1e 完成，累计 55 点，用时 135.2 min
   [skip] libx264 18
   [skip] libx264 21
   [skip] libx264 24
   [skip] libx264 27
   [skip] libx264 30
   librav1e@10       10 ->  10089.6 KiB  vmaf=98.144  (163.8s)
   librav1e@10       30 ->   3477.2 KiB  vmaf=97.011  (116.2s)
   librav1e@10       50 ->   1856.9 KiB  vmaf=95.763  (98.0s)
   librav1e@10       70 ->   1198.5 KiB  vmaf=94.512  (98.6s)
   librav1e@10       90 ->    868.3 KiB  vmaf=93.326  (87.7s)
   librav1e@10      110 ->    569.2 KiB  vmaf=91.007  (88.6s)
   librav1e@10      130 ->    348.3 KiB  vmaf=87.038  (86.5s)
   librav1e@10      155 ->    181.9 KiB  vmaf=79.064  (66.1s)
   librav1e@10      180 ->     97.5 KiB  vmaf=67.652  (60.1s)
   librav1e@10      210 ->     51.5 KiB  vmaf=49.871  (48.1s)
   -- librav1e@10 完成，累计 65 点，用时 156.6 min
== S03E01._James_and_Alice.mp4 完成：65 点，用时 156.6 min
