2026-10-02 16:35:38  new1=26/Y  word_world_2=24/Y  bbc_s01e01=21/Y  bbc_s03e01=20/Y  bbc_s05e01=20/Y
2026-10-02 16:45:38  new1=28/Y  word_world_2=29/Y  bbc_s01e01=25/Y  bbc_s03e01=25/Y  bbc_s05e01=25/Y
2026-10-02 16:55:40  new1=31/Y  word_world_2=35/Y  bbc_s01e01=28/Y  bbc_s03e01=28/Y  bbc_s05e01=28/Y
2026-10-02 17:05:41  new1=36/Y  word_world_2=45/Y  bbc_s01e01=31/Y  bbc_s03e01=31/Y  bbc_s05e01=32/Y
2026-10-02 17:15:42  new1=45/Y  word_world_2=45/Y  bbc_s01e01=39/Y  bbc_s03e01=37/Y  bbc_s05e01=39/Y
2026-10-02 17:25:43  new1=46/Y  word_world_2=47/Y  bbc_s01e01=45/Y  bbc_s03e01=45/Y  bbc_s05e01=45/Y
2026-10-02 17:35:43  new1=47/Y  word_world_2=48/Y  bbc_s01e01=46/Y  bbc_s03e01=46/Y  bbc_s05e01=46/Y
2026-10-02 17:45:44  new1=48/Y  word_world_2=51/Y  bbc_s01e01=47/Y  bbc_s03e01=47/Y  bbc_s05e01=47/Y
2026-10-02 17:55:44  new1=49/Y  word_world_2=53/Y  bbc_s01e01=49/Y  bbc_s03e01=49/Y  bbc_s05e01=49/Y
2026-10-02 18:05:45  new1=51/Y  word_world_2=57/Y  bbc_s01e01=51/Y  bbc_s03e01=51/Y  bbc_s05e01=51/Y
2026-10-02 18:15:45  new1=54/Y  word_world_2=62/Y  bbc_s01e01=54/Y  bbc_s03e01=53/Y  bbc_s05e01=54/Y
2026-10-02 18:25:46  new1=58/Y  word_world_2=65/N  bbc_s01e01=57/Y  bbc_s03e01=56/Y  bbc_s05e01=58/Y
2026-10-02 18:35:46  new1=63/Y  word_world_2=65/N  bbc_s01e01=62/Y  bbc_s03e01=61/Y  bbc_s05e01=63/Y
2026-10-02 18:45:47  new1=65/N  word_world_2=65/N  bbc_s01e01=65/N  bbc_s03e01=65/N  bbc_s05e01=65/N
2026-10-02 18:55:47  new1=65/N  word_world_2=65/N  bbc_s01e01=65/N  bbc_s03e01=65/N  bbc_s05e01=65/N
2026-10-02 19:05:48  new1=65/N  word_world_2=65/N  bbc_s01e01=65/N  bbc_s03e01=65/N  bbc_s05e01=65/N
2026-10-02 19:15:48  new1=65/N  word_world_2=65/N  bbc_s01e01=65/N  bbc_s03e01=65/N  bbc_s05e01=65/N
2026-10-02 19:25:50  new1=65/N  word_world_2=65/N  bbc_s01e01=65/N  bbc_s03e01=65/N  bbc_s05e01=65/N
2026-10-02 19:35:50  new1=65/N  word_world_2=65/N  bbc_s01e01=65/N  bbc_s03e01=65/N  bbc_s05e01=65/N
2026-10-02 19:45:51  new1=65/N  word_world_2=65/N  bbc_s01e01=65/N  bbc_s03e01=65/N  bbc_s05e01=65/N
2026-10-02 19:55:52  new1=65/N  word_world_2=65/N  bbc_s01e01=65/N  bbc_s03e01=65/N  bbc_s05e01=65/N
2026-10-02 20:05:53  new1=65/N  word_world_2=65/N  bbc_s01e01=65/N  bbc_s03e01=65/N  bbc_s05e01=65/N
2026-10-02 20:15:54  new1=65/N  word_world_2=65/N  bbc_s01e01=65/N  bbc_s03e01=65/N  bbc_s05e01=65/N
2026-10-02 20:25:55  new1=65/N  word_world_2=65/N  bbc_s01e01=65/N  bbc_s03e01=65/N  bbc_s05e01=65/N
2026-10-02 20:35:55  new1=65/N  word_world_2=65/N  bbc_s01e01=65/N  bbc_s03e01=65/N  bbc_s05e01=65/N
2026-10-02 20:45:56  new1=65/N  word_world_2=65/N  bbc_s01e01=65/N  bbc_s03e01=65/N  bbc_s05e01=65/N
2026-10-02 20:55:57  new1=65/N  word_world_2=65/N  bbc_s01e01=65/N  bbc_s03e01=65/N  bbc_s05e01=65/N
2026-10-02 21:05:58  new1=65/N  word_world_2=65/N  bbc_s01e01=65/N  bbc_s03e01=65/N  bbc_s05e01=65/N
2026-10-02 21:15:58  new1=65/N  word_world_2=65/N  bbc_s01e01=65/N  bbc_s03e01=65/N  bbc_s05e01=65/N
2026-10-02 21:25:59  new1=65/N  word_world_2=65/N  bbc_s01e01=65/N  bbc_s03e01=65/N  bbc_s05e01=65/N
2026-10-02 21:35:59  new1=65/N  word_world_2=65/N  bbc_s01e01=65/N  bbc_s03e01=65/N  bbc_s05e01=65/N
2026-10-02 21:46:00  new1=65/N  word_world_2=65/N  bbc_s01e01=65/N  bbc_s03e01=65/N  bbc_s05e01=65/N
2026-10-02 21:56:00  new1=65/N  word_world_2=65/N  bbc_s01e01=65/N  bbc_s03e01=65/N  bbc_s05e01=65/N
2026-10-02 22:06:00  new1=65/N  word_world_2=65/N  bbc_s01e01=65/N  bbc_s03e01=65/N  bbc_s05e01=65/N
2026-10-02 22:16:01  new1=65/N  word_world_2=65/N  bbc_s01e01=65/N  bbc_s03e01=65/N  bbc_s05e01=65/N
2026-10-02 22:26:01  new1=65/N  word_world_2=65/N  bbc_s01e01=65/N  bbc_s03e01=65/N  bbc_s05e01=65/N
2026-10-02 22:36:02  new1=65/N  word_world_2=65/N  bbc_s01e01=65/N  bbc_s03e01=65/N  bbc_s05e01=65/N
2026-10-02 22:46:02  new1=65/N  word_world_2=65/N  bbc_s01e01=65/N  bbc_s03e01=65/N  bbc_s05e01=65/N
2026-10-02 22:56:03  new1=65/N  word_world_2=65/N  bbc_s01e01=65/N  bbc_s03e01=65/N  bbc_s05e01=65/N
2026-10-02 23:06:03  new1=65/N  word_world_2=65/N  bbc_s01e01=65/N  bbc_s03e01=65/N  bbc_s05e01=65/N
2026-10-02 23:16:03  new1=65/N  word_world_2=65/N  bbc_s01e01=65/N  bbc_s03e01=65/N  bbc_s05e01=65/N
2026-10-02 23:16:03 庚全完成 ⇒ 启动己
[start] anim_10s pid=289104
[start] anim_subs_10s pid=289156
[start] dark_10s pid=289209
[start] ui_10s pid=289295
[start] texture_10s pid=289347
[launcher] 己方案 5 路全部启动 23:16:14
2026-10-02 23:26:14  new1=65/N  word_world_2=65/N  bbc_s01e01=65/N  bbc_s03e01=65/N  bbc_s05e01=65/N
2026-10-02 23:36:14  new1=65/N  word_world_2=65/N  bbc_s01e01=65/N  bbc_s03e01=65/N  bbc_s05e01=65/N
2026-10-02 23:46:15  new1=65/N  word_world_2=65/N  bbc_s01e01=65/N  bbc_s03e01=65/N  bbc_s05e01=65/N
2026-10-02 23:56:15  new1=65/N  word_world_2=65/N  bbc_s01e01=65/N  bbc_s03e01=65/N  bbc_s05e01=65/N
2026-10-03 00:06:16  new1=65/N  word_world_2=65/N  bbc_s01e01=65/N  bbc_s03e01=65/N  bbc_s05e01=65/N
2026-10-03 00:16:16  new1=65/N  word_world_2=65/N  bbc_s01e01=65/N  bbc_s03e01=65/N  bbc_s05e01=65/N
2026-10-03 00:26:17  new1=65/N  word_world_2=65/N  bbc_s01e01=65/N  bbc_s03e01=65/N  bbc_s05e01=65/N
2026-10-03 00:36:17  new1=65/N  word_world_2=65/N  bbc_s01e01=65/N  bbc_s03e01=65/N  bbc_s05e01=65/N
2026-10-03 00:46:18  new1=65/N  word_world_2=65/N  bbc_s01e01=65/N  bbc_s03e01=65/N  bbc_s05e01=65/N
2026-10-03 00:56:18  new1=65/N  word_world_2=65/N  bbc_s01e01=65/N  bbc_s03e01=65/N  bbc_s05e01=65/N
2026-10-03 01:06:18  new1=65/N  word_world_2=65/N  bbc_s01e01=65/N  bbc_s03e01=65/N  bbc_s05e01=65/N
2026-10-03 01:16:19  new1=65/N  word_world_2=65/N  bbc_s01e01=65/N  bbc_s03e01=65/N  bbc_s05e01=65/N
2026-10-03 01:26:19  new1=65/N  word_world_2=65/N  bbc_s01e01=65/N  bbc_s03e01=65/N  bbc_s05e01=65/N
2026-10-03 01:36:19  new1=65/N  word_world_2=65/N  bbc_s01e01=65/N  bbc_s03e01=65/N  bbc_s05e01=65/N
2026-10-03 01:46:20  new1=65/N  word_world_2=65/N  bbc_s01e01=65/N  bbc_s03e01=65/N  bbc_s05e01=65/N
2026-10-03 01:56:20  new1=65/N  word_world_2=65/N  bbc_s01e01=65/N  bbc_s03e01=65/N  bbc_s05e01=65/N
2026-10-03 02:06:20  new1=65/N  word_world_2=65/N  bbc_s01e01=65/N  bbc_s03e01=65/N  bbc_s05e01=65/N
2026-10-03 02:16:21  new1=65/N  word_world_2=65/N  bbc_s01e01=65/N  bbc_s03e01=65/N  bbc_s05e01=65/N
2026-10-03 02:26:21  new1=65/N  word_world_2=65/N  bbc_s01e01=65/N  bbc_s03e01=65/N  bbc_s05e01=65/N
2026-10-03 02:36:22  new1=65/N  word_world_2=65/N  bbc_s01e01=65/N  bbc_s03e01=65/N  bbc_s05e01=65/N
2026-10-03 02:46:22  new1=65/N  word_world_2=65/N  bbc_s01e01=65/N  bbc_s03e01=65/N  bbc_s05e01=65/N
2026-10-03 02:56:22  new1=65/N  word_world_2=65/N  bbc_s01e01=65/N  bbc_s03e01=65/N  bbc_s05e01=65/N
2026-10-03 03:06:23  new1=65/N  word_world_2=65/N  bbc_s01e01=65/N  bbc_s03e01=65/N  bbc_s05e01=65/N
2026-10-03 03:16:23  new1=65/N  word_world_2=65/N  bbc_s01e01=65/N  bbc_s03e01=65/N  bbc_s05e01=65/N
2026-10-03 03:26:23  new1=65/N  word_world_2=65/N  bbc_s01e01=65/N  bbc_s03e01=65/N  bbc_s05e01=65/N
2026-10-03 03:36:24  new1=65/N  word_world_2=65/N  bbc_s01e01=65/N  bbc_s03e01=65/N  bbc_s05e01=65/N
2026-10-03 03:46:24  new1=65/N  word_world_2=65/N  bbc_s01e01=65/N  bbc_s03e01=65/N  bbc_s05e01=65/N
2026-10-03 03:56:24  new1=65/N  word_world_2=65/N  bbc_s01e01=65/N  bbc_s03e01=65/N  bbc_s05e01=65/N
2026-10-03 04:06:25  new1=65/N  word_world_2=65/N  bbc_s01e01=65/N  bbc_s03e01=65/N  bbc_s05e01=65/N
2026-10-03 04:16:25  new1=65/N  word_world_2=65/N  bbc_s01e01=65/N  bbc_s03e01=65/N  bbc_s05e01=65/N
2026-10-03 04:26:26  new1=65/N  word_world_2=65/N  bbc_s01e01=65/N  bbc_s03e01=65/N  bbc_s05e01=65/N
2026-10-03 04:36:26  new1=65/N  word_world_2=65/N  bbc_s01e01=65/N  bbc_s03e01=65/N  bbc_s05e01=65/N
2026-10-03 04:46:26  new1=65/N  word_world_2=65/N  bbc_s01e01=65/N  bbc_s03e01=65/N  bbc_s05e01=65/N
2026-10-03 04:56:27  new1=65/N  word_world_2=65/N  bbc_s01e01=65/N  bbc_s03e01=65/N  bbc_s05e01=65/N
2026-10-03 05:06:27  new1=65/N  word_world_2=65/N  bbc_s01e01=65/N  bbc_s03e01=65/N  bbc_s05e01=65/N
2026-10-03 05:16:27  new1=65/N  word_world_2=65/N  bbc_s01e01=65/N  bbc_s03e01=65/N  bbc_s05e01=65/N
2026-10-03 05:26:28  new1=65/N  word_world_2=65/N  bbc_s01e01=65/N  bbc_s03e01=65/N  bbc_s05e01=65/N
2026-10-03 05:36:28  new1=65/N  word_world_2=65/N  bbc_s01e01=65/N  bbc_s03e01=65/N  bbc_s05e01=65/N
2026-10-03 05:46:28  new1=65/N  word_world_2=65/N  bbc_s01e01=65/N  bbc_s03e01=65/N  bbc_s05e01=65/N
2026-10-03 05:56:29  new1=65/N  word_world_2=65/N  bbc_s01e01=65/N  bbc_s03e01=65/N  bbc_s05e01=65/N
2026-10-03 06:06:29  new1=65/N  word_world_2=65/N  bbc_s01e01=65/N  bbc_s03e01=65/N  bbc_s05e01=65/N
2026-10-03 06:16:30  new1=65/N  word_world_2=65/N  bbc_s01e01=65/N  bbc_s03e01=65/N  bbc_s05e01=65/N
2026-10-03 06:26:30  new1=65/N  word_world_2=65/N  bbc_s01e01=65/N  bbc_s03e01=65/N  bbc_s05e01=65/N
2026-10-03 06:36:30  new1=65/N  word_world_2=65/N  bbc_s01e01=65/N  bbc_s03e01=65/N  bbc_s05e01=65/N
