🎬 片段 1/3: segment_000.mp4
   🔧 首次初始化 IFRNetVideoProcessor（模型加载/编译仅此一次）
  加载模型: /workspace/Video_Enhancement/models_IFRNet/checkpoints/IFRNet_S_Vimeo90K.pth → cuda
  [FIX-CU] cudnn.benchmark = True 已启用
  FP16 推理已启用
   🎬 处理片段: segment_000.mp4
   📊 插帧倍数: 2x
   🖥️  设备: cuda | FP16: True | compile: False | CUDA Graph: False | TRT: True
[TensorRT] Engine 已激活，TRT 推理就绪。
[decode] threads=32 exceeds max 8, clamped (NVDEC 32-surface limit)

[GPU0] NVENC 编码已激活: hevc_nvenc
[NVENCEncoder] HEVC + LA>0 暂走 LA=0 ce_pipeline 路径（T4 驱动阻塞死锁/非阻塞 segfault，见 FIX-HEVC-LA-ROUTE；设 NVENC_HEVC_ALLOW_LA=1 强制保留 LA）
[NVENCEncoder] VBR_HQ + LA=0: 4 slots (HW pipeline buffers>=1)
[NVENCEncoder] NVENC API: 0xd0 = v13.0
[NVENCEncoder] 使用 primary CUDA context (0x5556765e9670)
[NVENCEncoder] OpenEncodeSessionEx OK: apiVersion=0xd0 (13.0)
[NVENCEncoder] Driver codec GUID: 790cdc88-4522-4d7b (codec=HEVC)
[NVENCEncoder] Driver preset GUID: 67082a44-4bad-48fa (index=6/16)
[NVENCEncoder] GetEncodePresetConfig OK
[NVENCEncoder] VBR_HQ: crf=23 targetQuality(CRF)=23 avgBitrate=33144kbps
[NVENCEncoder] 4 slots created (0x55567c2148b0..0x55567c284940)
[NVENCEncoder] [FIX-ASYNC-COPY] 专用编码拷贝 stream 已创建 (0x55567c131c90, non-blocking)
[NVENCEncoder] Ready: 640x360@48.0fps HEVC VBR_HQ QP=23 preset=veryslow slots=4 tq=23 (GPU direct SDK 13.0)
[NVENCEncoder] Level 1: NVENC GPU 直通编码 (640x360@48.0fps)
[GPU0] 插帧:   0%|          | 0/2480 [00:00<?, ?帧/s][NVENCEncoder] Cached SPS+PPS: 86 bytes
[T2-CACHE] 加载缓存 T2=180.4ms (key=IFRNet_S_Vimeo90K_384x640_bs24_trt_sm75_teslat4)

[AUTO-TUNE] Tesla T4 tier=1.0 nvdec=True nvenc=True pcie=16GB/s cpu=32c  backend=trt(×1.0) model=IFRNet_S_Vimeo90K(×1.0)
  T1=8.0ms  T2[estimated(×1.0, model×1.0)]=199.2ms  T3(NVENC)=16.0ms
  ratio T2/T1=24.9x T3/T2=0.1x
  pair_queue=24(~1274MB) result_queue=8 pool=10(~177MB pinned)

[PinnedResultPool] 分配 10 × (24,384,640,3) uint8 pinned，共 177 MB
[IFRNet-Pipeline] 启动深度流水线 | pair_queue=24 result_queue=8 effective_bs=24 T=1× | D2H=pinned(stream_d2h)
[GPU0] 插帧: 100%|█████████▉| 2473/2480 [00:30<00:00, 90.87帧/s, P=1, R=0, eta=0s, fps=93.9, ms=207][AUTO-TUNE-RETUNE] 实测 T2=194.1ms（全段 101 batches 中位数）| 静态估算=199.2ms | 偏差=3% | 当前 result_queue=8 | 校准建议 pair=24 result=8（下次生效）
[GPU0] 插帧: 100%|█████████▉| 2473/2480 [00:50<00:00, 90.87帧/s, P=1, R=0, eta=0s, fps=93.9, ms=207]
[IFRNet-Writer] ❌ 写线程在 30s 内未退出（疑似死锁），段处理失败
[GPU0] 流水线异常: 流水线处理异常: RuntimeError: 写线程在 30s 内未退出（疑似死锁），段处理失败
[NVENC-Enc] ⚠️ 编码线程未在 30s 内退出，可能死锁
[GPU0] 插帧: 100%|█████████▉| 2473/2480 [01:01<00:00, 40.36帧/s, P=1, R=0, eta=0s, fps=93.9, ms=207]
[ADAPTIVE-QUEUE] 段1→段2: pair_queue=4→24 result_queue=16→24
   ❌ 输出文件验证失败
⚠️  片段 1 处理失败，终止后续处理