
[NVENCEncoder] Cached SPS+PPS: 12 bytes

[NVENCEncoder] Cached SPS+PPS: 6 bytes

[NVENCEncoder] Cached SPS+PPS: 12 bytes
==============================================================================
  Video Enhancement 优化方案 · 最终后验证报告（v2 三合一）
  生成时间: 2026-10-02 23:19:29
==============================================================================

━━━ A-前置条件 ━━━ [通过 5 | 失败 0 | 警告 2 | 跳过 1]
  ✅ [R1] Python 版本 ≥ 3.9 — PASS
       详情: Python 3.14.4
  ✅ [R2] FFmpeg 可用（≥4.3） — PASS
       详情: ffmpeg 8.0.1-+vmaf @ /usr/bin/ffmpeg
  ✅ [R3] FFprobe 可用 — PASS
       详情: ffprobe @ /usr/bin/ffprobe
  ✅ [R4] 关键源文件存在 — PASS
       详情: 12 个核心文件均存在
  ⚠️ [R5] CUDA / GPU 可用 — WARN
       详情: torch 未安装
       建议: 冒烟/运行时 GPU 组将跳过
  ✅ [R6] 模型权重存在 — PASS
       详情: IFRNet: 6, ESRGAN: 12, GFPGAN: 0
  ⚠️ [R7] NVENC 环境探测（不依赖 torch） — WARN
       详情: h264_nvenc ffmpeg 探测失败: [h264_nvenc @ 0x57f7886e6580] Cannot load libcuda.so.1
[vost#0:0/h264_nvenc @ 0x57f7886e5f40] [enc:h264_nvenc @ 0x57f7886e6500] Error while opening encoder - ma
       建议: 无 NVIDIA 卡/驱动属预期；SDK 路径相关验证需生产 GPU
  ⏭️ [R8] NVML 环境变量提示 — SKIP
       详情: 当前值=''：主入口运行时会自动 setdefault 为 0
       建议: 仅当绕过主入口直调子系统时，手动 export PYTORCH_NVML_BASED_CUDA_CHECK=0 规避 NVML/RM 不匹配

━━━ B-静态·阶段0 ━━━ [通过 9 | 失败 0 | 警告 0 | 跳过 0]
  ✅ [P0-1] model_name 透传 + 动态架构加载 (A1) — PASS
       详情: processor 透传 ✓；后端按实例名动态解析 ✓
  ✅ [P0-2] NVENC 返回码分级处置 (H1/H2/H17) — PASS
       详情: [P0-FIX-RC]×8；drain 容忍+遥测 ✓（段级守恒审计兜底）；EOS/flush fail-fast ✓；DestroyEncoder rc ✓
  ✅ [P0-3] HEVC/AV1 blocking Lock 挂起修复 (H3) — PASS
       详情: codec 分流轮询已落地（H.264 保持已验证阻塞语义）
  ✅ [P0-4] Muxer 写超时线程 + 收尾 rc 判败 (H4) — PASS
       详情: 写超时线程 ✓ / flush 超时 raise ✓ / Writer close rc 上抛 ✓ / 段级判败 ✓
  ✅ [P0-5] AV1 GUID 回退一致性 (H5) — PASS
       详情: GUID 未命中即 raise，交由四级编码回退接管
  ✅ [P0-6] 批量隔离 + keep_audio try/finally (H6) — PASS
       详情: 批量逐文件隔离 ✓ / Kbd 重抛 ✓ / finally 恢复 ✓
  ✅ [P0-7] merge 扩展名改动向上传播 (H7) — PASS
       详情: 出参契约 ✓ / 主流程采纳实际路径 ✓
  ✅ [P0-8] ESRGAN 异常判败 + audio_src 传递链 (H8/H10) — PASS
       详情: 异常判败 ✓ / 成功横幅门控 ✓ / 音轨传递链 ✓
  ✅ [P0-9] eval→Fraction + 全活跃树零裸 except (H12) — PASS
       详情: eval 已移除；活跃树裸 except=0（扫描 3 个目录）

━━━ B-静态·阶段1 ━━━ [通过 8 | 失败 0 | 警告 0 | 跳过 0]
  ✅ [P1-1] checkpoint 内容指纹 + 原子写 (H13) — PASS
       详情: 上游内容指纹(size+mtime_ns) ✓ / 原子写 ✓（双侧）
  ✅ [P1-2] OOM bs=1 活锁熔断 (H11) — PASS
       详情: bs=1 连续 OOM 熔断已落地
  ✅ [P1-3] 缓存回滚 + _ring_buf 跨 Level 复位 — PASS
       详情: 缓存回滚 ✓（pool/ring）/ ring 复位 ✓
  ✅ [P1-4] 关闭语义收紧（段收尾 muxer rc 判败） — PASS
       详情: muxer 收尾失败已纳入段成败
  ✅ [P1-5] watchdog 与 OOM 恢复协调 — PASS
       详情: 宽限时间戳生产者 ✓ / watchdog 消费者 ✓
  ✅ [P1-6] Windows select 替换 (H9) — PASS
       详情: 平台分流 ✓ / Windows 线程化带超时写 ✓
  ✅ [P1-7] 数据卫生四项守卫 — PASS
       详情: 就地覆盖守卫 / 音频新鲜度(.src.json) / split 指纹复用 / LA 补偿查实际编码器
  ✅ [P1-8] 数值参数校验前置 — PASS
       详情: 校验器定义+调用 ✓；falsy 修复 5/5 处

━━━ B-静态·阶段2 ━━━ [通过 7 | 失败 0 | 警告 0 | 跳过 0]
  ✅ [P2-1] tile 真实接入（批级平铺） — PASS
       详情: 批级平铺前向 ✓ / tile>0 门控 ✓ / TRT 旁路明示 ✓
  ✅ [P2-2a] ESRGAN compile/CUDA Graph 实现 — PASS
       详情: compile/cudagraphs 接线 ✓ / 死分支摘除 ✓
  ✅ [P2-2b] IFRNet 互斥裁定前移参数层 — PASS
       详情: 参数层裁定 ×2 处（后端防御保留兜底）
  ✅ [P2-3] 热路径去拷贝 — PASS
       详情: RING join ✓ / LA pinned 旋转池 ✓（残余 copy/tobytes=6，均为合法必要拷贝）
  ✅ [P2-4a/b/d] NVENC 样板收敛（原型/ctx/空帧口径） — PASS
       详情: 模块级原型 ✓ / ctx 配对收敛 ✓ / 空帧占位统一 ✓
  ✅ [P2-4c] SPS/PPS 全部阶梯统一走 _apply_sps_pps — PASS
       详情: 原语+委托 ✓ / 打印单点化 ✓ / 阶梯站点 ['A', 'C', 'D', 'E', 'F', 'G', 'H', 'I', 'J'] (E/H/I 语义翻转: 迟到IDR补挂、REDRAIN全帧统一)
  ✅ [P2-5] logging 基础设施接入 — PASS
       详情: logger 基础设施 ✓ / 主入口接入 ✓（external print 遥测分批迁移）

━━━ B-静态·阶段3 ━━━ [通过 5 | 失败 0 | 警告 0 | 跳过 0]
  ✅ [P3-1] 上帝函数拆解（已实施，含 ce_pipeline） — PASS
       详情: __init__=39行(<100) / _process_segment=424行(<450) / _process_single=177行(<200) / encode_frames_batch_ce_pipeline=123行(<130) / ce_pipeline 已按 Phase 拆解(_ce_harvest/submit/inline/final) — 拆解已落地
  ✅ [P3-2] 镜像收敛（NAL 公共参考实现） — PASS
       详情: 共享参考实现 ✓ / 等价性测试锁定（BEH-D）✓（收敛方案 B）
  ✅ [P3-3] 死代码清除 — PASS
       详情: nvenc_writer.py 已删 ✓ / 死常量与死类已清 ✓
  ✅ [P3-4] 测试基建（合并后单一入口） — PASS
       详情: 兼容别名 ✓ / 行为阶段内置 ✓
  ✅ [P3-5] 文档与 memory 同步 — PASS
       详情: AGENTS.md 结构/入口已更新 ✓ / memory 执行记录 ✓

━━━ C-行为 ━━━ [通过 0 | 失败 0 | 警告 1 | 跳过 0]
  ⚠️ [BEH-ERR] beh_group_b — WARN
       详情: 组级异常: ModuleNotFoundError: No module named 'cv2'
       建议: 人工复核该组

━━━ C-行为·NAL等价 ━━━ [通过 13 | 失败 0 | 警告 0 | 跳过 0]
  ✅ [BEH-D1] h264 has[纯IDR] — PASS
  ✅ [BEH-D2] h264 firstVCL[纯IDR] — PASS
  ✅ [BEH-D3] h264 has[无参数集] — PASS
  ✅ [BEH-D4] h264 firstVCL[无参数集] — PASS
  ✅ [BEH-D5] h264 has[辅助块开头] — PASS
  ✅ [BEH-D6] h264 firstVCL[辅助块开头] — PASS
  ✅ [BEH-D7] h264 has[空流] — PASS
  ✅ [BEH-D8] h264 firstVCL[空流] — PASS
  ✅ [BEH-D9] h264 has[3字节起始码SPS] — PASS
  ✅ [BEH-D10] h264 firstVCL[3字节起始码SPS] — PASS
  ✅ [BEH-D11] h264 extract 参数集相等 — PASS
  ✅ [BEH-D12] hevc has 参数集 — PASS
  ✅ [BEH-D13] hevc extract 含VPS — PASS

━━━ C-行为·SDK契约 ━━━ [通过 5 | 失败 0 | 警告 0 | 跳过 0]
  ✅ [BEH-C1] FUNC_IDX DestroyEncoder==27 — PASS
  ✅ [BEH-C2] FUNC_IDX OpenEncodeSessionEx==29 — PASS
  ✅ [BEH-C3] P2.4a 原型可构造 — PASS
  ✅ [BEH-C4] NEED_MORE_INPUT==17 — PASS
  ✅ [BEH-C5] close 幂等可调用 — PASS

━━━ C-行为·SPS原语 ━━━ [通过 8 | 失败 0 | 警告 0 | 跳过 0]
  ✅ [BEH-G1] IDR补挂缓存参数集 — PASS
  ✅ [BEH-G2] 原生含参数集跳过prepend — PASS
  ✅ [BEH-G3] 非IDR不prepend — PASS
  ✅ [BEH-G4] 首见缓存+IDR预注入muxer — PASS
  ✅ [BEH-G5] 已有缓存幂等 — PASS
  ✅ [BEH-G6] 辅助块无VCL无条件预注入 — PASS
  ✅ [BEH-G7] apply首帧仅缓存不prepend — PASS
  ✅ [BEH-G8] 后续IDR补挂且muxer单次注入 — PASS

━━━ C-行为·指纹 ━━━ [通过 0 | 失败 0 | 警告 0 | 跳过 1]
  ⏭️ [BEH-A0] 指纹侧车导入 — SKIP
       详情: SKIP: No module named 'cv2'

━━━ C-行为·编译 ━━━ [通过 2 | 失败 0 | 警告 0 | 跳过 0]
  ✅ [BEH-E1] py_compile ×125 全通过 — PASS
       详情: 125 个活跃文件语法全部通过（按目录自动收集）
  ✅ [BEH-E2] 覆盖清单自检（125 文件，下限 95） — PASS
       详情: 自动收集 ✓ / FILES 具名文件全覆盖 ✓ / external 无未纳管包 ✓ / Accessory/ 全覆盖（72 个）✓；按规则排除 1 个: external/realesrgan_video/nvenc_sdk_bak.py

━━━ C-行为·调用契约 ━━━ [通过 1 | 失败 0 | 警告 1 | 跳过 1]
  ⚠️ [BEH-H1] 实参名被目标签名接受（125 文件 / 262 调用点） — WARN
       详情: 125 个文件、262 个调用点：subprocess.* 已全部校验且合法；但 ffmpeg-python 不可用 → 1 个 run_async 调用点的实参名**未被校验**
       建议: 安装 ffmpeg-python 后重跑本组以覆盖 run_async 子集
  ✅ [BEH-H2] 参数组合无互斥冲突 — PASS
       详情: 未发现 input/stdin、capture_output/stdout|stderr 同时传入
  ⏭️ [BEH-H3] 读帧器功能冒烟（IFRNet + ESRGAN） — SKIP
       详情: SKIP: 读帧器依赖缺失（ifrnet, esrgan）: No module named 'numpy'; No module named 'numpy'

━━━ C-行为·配置校验 ━━━ [通过 0 | 失败 0 | 警告 0 | 跳过 1]
  ⏭️ [BEH-F0] 主入口模块加载 — SKIP
       详情: SKIP: ModuleNotFoundError: No module named 'cv2'（缺依赖时允许跳过）

━━━ D-运行时 ━━━ [通过 0 | 失败 0 | 警告 0 | 跳过 1]
  ⏭️ [RT-0] 输出视频存在 — SKIP
       详情: 未提供 --output 或文件不存在

━━━ F-修复效果 ━━━ [通过 12 | 失败 0 | 警告 0 | 跳过 0]
  ✅ [FIX-IFRNET-LA0] ifrnet 默认 LA=8/vbr_hq（原 LA=0/constqp 断言已过期） — PASS
       详情: rate_mode=vbr_hq, lookahead_depth=8
  ✅ [FIX-REALESRGAN-LA0] realesrgan 默认 LA=8/vbr_hq（原 LA=0/constqp 断言已过期） — PASS
       详情: rate_mode=vbr_hq, lookahead_depth=8
  ✅ [FIX-H2D-SYNC] H2D Event 同步 — PASS
       详情: P1-FIX-H2D-EVENT-SYNC / pool.mark_issued
  ✅ [FIX-ROUTE] HEVC+LA 安全路由 — PASS
       详情: hevc_la_disable 配置与路由逻辑
  ✅ [FIX-HEVC-LA-OPEN] HEVC LA>0 开放（软退役） — PASS
       详情: cfg_ifr=False cfg_esr=False soft_ifr=True soft_esr=True no_downgrade_ifr=True
  ✅ [FIX-GATE] 解码级验收门禁 — PASS
       详情: validate_decodable_video / count_decoded_video_frames
  ✅ [FIX-EOS-ORDER] EOS-ORDER — PASS
       详情: FIX-EOS-ORDER
  ✅ [FIX-STRICT-EOS] STRICT-EOS — PASS
       详情: FIX-STRICT-EOS
  ✅ [FIX-SIZE-CAP] SIZE-CAP — PASS
       详情: FIX-SIZE-CAP
  ✅ [FIX-NAL-COMMON] NAL-COMMON — PASS
       详情: FIX-NAL-COMMON
  ✅ [FIX-MODEL-ARCH-LAZY] IFRNet 架构解析不在模块导入期（无硬编码 S 依赖） — PASS
       详情: marker=True import_time_calls=0
  ✅ [FIX-PRESCAN-RECEIVE] 两条入口（源片/收段）都接预扫描/预热 — PASS
       详情: marker=True ifrnet_proc.process_video_segments=2/2 ifrnet_proc.process_segments_directly=2/2 esrgan_proc.process_video_segments=1/1 esrgan_proc.process_segments_directly=1/1

==============================================================================
  汇总: 共 84 项 | 通过 75 | 失败 0 | 警告 4 | 跳过 5
  ✅ 结论: 无失败项（警告/跳过项见上方说明）
==============================================================================

📄 报告已写出:
   JSON: /mnt/d/Workspace_Python/Video_Enhancement/verification_report/verification_report_20261002_231929.json
   MD  : /mnt/d/Workspace_Python/Video_Enhancement/verification_report/verification_report_20261002_231929.md
